Microchip MPLAB XC8 Compiler V2.36

Linker command line:

-W-3 --edf=C:\Program Files\Microchip\xc8\v2.36\pic\dat\en_msgs.txt -cn \
  -h+dist/default/production\ProyectoOjos.X.production.sym \
  --cmf=dist/default/production\ProyectoOjos.X.production.cmf -z -Q16F887 \
  -oC:\Users\WMGWW\AppData\Local\Temp\xcAsokg.4 --defsym=__MPLAB_BUILD=1 \
  -Mdist/default/production/ProyectoOjos.X.production.map \
  --md=C:\Users\WMGWW\AppData\Local\Temp\xcAsokg.dat -E1 -ver=XC8 Compiler \
  --acfsm=1493 -ACODE=00h-07FFhx4 -ASTRCODE=00h-01FFFh -ASTRING=00h-0FFhx32 \
  -ACONST=00h-0FFhx32 -AENTRY=00h-0FFhx32 -ACOMMON=070h-07Fh \
  -ABANK0=020h-06Fh -ABANK1=0A0h-0EFh -ABANK2=0110h-016Fh \
  -ABANK3=0190h-01EFh -ARAM=020h-06Fh,0A0h-0EFh,0110h-016Fh,0190h-01EFh \
  -AABS1=020h-07Fh,0A0h-0EFh,0110h-016Fh,0190h-01EFh -ASFR0=00h-01Fh \
  -ASFR1=080h-09Fh -ASFR2=0100h-010Fh -ASFR3=0180h-018Fh \
  -ACONFIG=02007h-02008h -DCONFIG=2 -AIDLOC=02000h-02003h -DIDLOC=2 \
  -AEEDATA=00h-0FFh/02100h -peeprom_data=EEDATA -DEEDATA=2 -DCODE=2 \
  -DSTRCODE=2 -DSTRING=2 -DCONST=2 -DENTRY=2 \
  -preset_vec=00h,intentry=04h,init,end_init -ppowerup=CODE -pcinit=CODE \
  -pfunctab=ENTRY -k C:\Users\WMGWW\AppData\Local\Temp\xcAsokg.o \
  dist/default/production\ProyectoOjos.X.production.o 

Object code version is 3.11

Machine type is 16F887



                Name                               Link     Load   Length Selector   Space Scale
C:\Users\WMGWW\AppData\Local\Temp\xcAsokg.o
                end_init                              C        C        3        8       0
                reset_vec                             0        0        3        0       0
                config                             2007     2007        2        0       4
                idloc                              2000     2000        4        0       5
dist/default/production\ProyectoOjos.X.production.o
                cinit                                 F        F       26        8       0
                intentry                              4        4        8        8       0
                config                             2007     2007        2        0       4
                idloc                              2000     2000        4        0       5
                text11                              2BE      2BE        D        8       0
                text10                              2F7      2F7        2        8       0
                text9                               288      288       15        8       0
                text8                                35       35      142        8       0
                text7                               25E      25E       2A        8       0
                text6                               1FA      1FA       64        8       0
                text5                               2B0      2B0        E        8       0
                text4                               2E8      2E8        8        8       0
                text3                               2DF      2DF        9        8       0
                text2                               2D6      2D6        9        8       0
                text1                               2CB      2CB        B        8       0
                maintext                            177      177       83        8       0
                cstackBANK0                          2F       2F        3       20       1
                cstackCOMMON                         76       76        6       70       1
                inittext                            29D      29D       13        8       0
                dataBANK0                            28       28        7       20       1
                bssBANK0                             20       20        8       20       1
                dataCOMMON                           7C       7C        1       70       1
                bssCOMMON                            70       70        6       70       1
                idataBANK0                          2F0      2F0        7        8       0
                idataCOMMON                         2F9      2F9        1        8       0

TOTAL           Name                               Link     Load   Length     Space
        CLASS   CODE           
                end_init                              C        C        3         0
                cinit                                 F        F       26         0
                intentry                              4        4        8         0
                reset_vec                             0        0        3         0
                text11                              2BE      2BE        D         0
                text10                              2F7      2F7        2         0
                text9                               288      288       15         0
                text8                                35       35      142         0
                text7                               25E      25E       2A         0
                text6                               1FA      1FA       64         0
                text5                               2B0      2B0        E         0
                text4                               2E8      2E8        8         0
                text3                               2DF      2DF        9         0
                text2                               2D6      2D6        9         0
                text1                               2CB      2CB        B         0
                maintext                            177      177       83         0
                inittext                            29D      29D       13         0
                idataBANK0                          2F0      2F0        7         0
                idataCOMMON                         2F9      2F9        1         0

        CLASS   STRCODE        

        CLASS   STRING         

        CLASS   CONST          

        CLASS   ENTRY          

        CLASS   COMMON         
                cstackCOMMON                         76       76        6         1
                dataCOMMON                           7C       7C        1         1
                bssCOMMON                            70       70        6         1

        CLASS   BANK0          
                cstackBANK0                          2F       2F        3         1
                dataBANK0                            28       28        7         1
                bssBANK0                             20       20        8         1

        CLASS   BANK1          

        CLASS   BANK2          

        CLASS   BANK3          

        CLASS   RAM            

        CLASS   ABS1           
                abs_s1                               7E       7E        2         1

        CLASS   SFR0           

        CLASS   SFR1           

        CLASS   SFR2           

        CLASS   SFR3           

        CLASS   CONFIG         
                config                             2007     2007        2         4

        CLASS   IDLOC          
                idloc                              2000     2000        4         5

        CLASS   EEDATA         

        CLASS   STACK          



SEGMENTS        Name                           Load    Length   Top    Selector   Space  Class     Delta

                reset_vec                      000000  000003  000003         0       0  CODE        2
                intentry                       000004  0002F6  0002FA         8       0  CODE        2
                bssBANK0                       000020  000012  000032        20       1  BANK0       1
                bssCOMMON                      000070  00000D  00007D        70       1  COMMON      1


UNUSED ADDRESS RANGES

        Name                Unused          Largest block    Delta
        BANK0            0032-006F             3E           1
        BANK1            00A0-00EF             50           1
        BANK2            0110-016F             60           1
        BANK3            0190-01EF             60           1
        CODE             0003-0003              1           2
                         02FA-1FFF            800
        COMMON           007D-007D              1           1
        CONST            0003-0003              1           2
                         02FA-1FFF            100
        EEDATA           2100-21FF            100           2
        ENTRY            0003-0003              1           2
                         02FA-1FFF            100
        RAM              0032-006F             3E           1
                         00A0-00EF             50
                         0110-016F             60
                         0190-01EF             60
        SFR0             0000-001F             20           1
        SFR1             0080-009F             20           1
        SFR2             0100-010F             10           1
        SFR3             0180-018F             10           1
        STRCODE          0003-0003              1           2
                         02FA-1FFF           1D06
        STRING           0003-0003              1           2
                         02FA-1FFF            100

                                  Symbol Table

_ACKSTAT                 (abs)        048E
_ADCON0bits              (abs)        001F
_ADCON1bits              (abs)        009F
_ADIF                    (abs)        0066
_ADRESH                  (abs)        001E
_ANSELH                  (abs)        0189
_ANSELbits               (abs)        0188
_BAUDCTLbits             (abs)        0187
_CCP1CONbits             (abs)        0017
_CCP2CONbits             (abs)        001D
_CCPR1L                  (abs)        0015
_CCPR2L                  (abs)        001B
_EEADR                   (abs)        010D
_EECON1bits              (abs)        018C
_EECON2                  (abs)        018D
_EEDAT                   (abs)        010C
_INTCONbits              (abs)        000B
_IOCBbits                (abs)        0096
_OPTION_REGbits          (abs)        0081
_OSCCONbits              (abs)        008F
_PIE1bits                (abs)        008C
_PIR1bits                (abs)        000C
_PORTA                   (abs)        0005
_PORTB                   (abs)        0006
_PORTBbits               (abs)        0006
_PORTC                   (abs)        0007
_PORTD                   (abs)        0008
_PR2                     (abs)        0092
_RCREG                   (abs)        001A
_RCSTAbits               (abs)        0018
_SPBRG                   (abs)        0099
_SPBRGH                  (abs)        009A
_SSPADD                  (abs)        0093
_SSPBUF                  (abs)        0013
_SSPCON2bits             (abs)        0091
_SSPCONbits              (abs)        0014
_SSPSTATbits             (abs)        0094
_T2CONbits               (abs)        0012
_TRISA                   (abs)        0085
_TRISBbits               (abs)        0086
_TRISC                   (abs)        0087
_TRISCbits               (abs)        0087
_TRISD                   (abs)        0088
_TXREG                   (abs)        0019
_TXSTAbits               (abs)        0098
_WPUBbits                (abs)        0095
__Habs1                  abs1         0000
__Hbank0                 bank0        0000
__Hbank1                 bank1        0000
__Hbank2                 bank2        0000
__Hbank3                 bank3        0000
__HbssBANK0              bssBANK0     0000
__HbssCOMMON             bssCOMMON    0000
__Hcinit                 cinit        0035
__Hclrtext               clrtext      0000
__Hcode                  code         0000
__Hcommon                common       0000
__Hconfig                config       2009
__HcstackBANK0           cstackBANK0  0000
__HcstackCOMMON          cstackCOMMON 0000
__HdataBANK0             dataBANK0    0000
__HdataCOMMON            dataCOMMON   0000
__Heeprom_data           eeprom_data  0000
__Hend_init              end_init     000F
__Hfunctab               functab      0000
__HidataBANK0            idataBANK0   0000
__HidataCOMMON           idataCOMMON  0000
__Hidloc                 idloc        2004
__Hinit                  init         000C
__Hinittext              inittext     0000
__Hintentry              intentry     000C
__Hmaintext              maintext     0000
__Hpowerup               powerup      0000
__Hram                   ram          0000
__Hreset_vec             reset_vec    0003
__Hsfr0                  sfr0         0000
__Hsfr1                  sfr1         0000
__Hsfr2                  sfr2         0000
__Hsfr3                  sfr3         0000
__Hspace_0               (abs)        02FA
__Hspace_1               (abs)        007D
__Hspace_2               (abs)        0000
__Hspace_3               (abs)        0000
__Hspace_4               (abs)        4010
__Hstack                 stack        0000
__Hstrings               strings      0000
__Htext                  text         0000
__Labs1                  abs1         0000
__Lbank0                 bank0        0000
__Lbank1                 bank1        0000
__Lbank2                 bank2        0000
__Lbank3                 bank3        0000
__LbssBANK0              bssBANK0     0000
__LbssCOMMON             bssCOMMON    0000
__Lcinit                 cinit        000F
__Lclrtext               clrtext      0000
__Lcode                  code         0000
__Lcommon                common       0000
__Lconfig                config       0000
__LcstackBANK0           cstackBANK0  0000
__LcstackCOMMON          cstackCOMMON 0000
__LdataBANK0             dataBANK0    0000
__LdataCOMMON            dataCOMMON   0000
__Leeprom_data           eeprom_data  0000
__Lend_init              end_init     000C
__Lfunctab               functab      0000
__LidataBANK0            idataBANK0   0000
__LidataCOMMON           idataCOMMON  0000
__Lidloc                 idloc        0000
__Linit                  init         000C
__Linittext              inittext     0000
__Lintentry              intentry     0004
__Lmaintext              maintext     0000
__Lpowerup               powerup      0000
__Lram                   ram          0000
__Lreset_vec             reset_vec    0000
__Lsfr0                  sfr0         0000
__Lsfr1                  sfr1         0000
__Lsfr2                  sfr2         0000
__Lsfr3                  sfr3         0000
__Lspace_0               (abs)        0000
__Lspace_1               (abs)        0000
__Lspace_2               (abs)        0000
__Lspace_3               (abs)        0000
__Lspace_4               (abs)        0000
__Lstack                 stack        0000
__Lstrings               strings      0000
__Ltext                  text         0000
__S0                     (abs)        02FA
__S1                     (abs)        007D
__S3                     (abs)        0000
___int_sp                stack        0000
___latbits               (abs)        0002
___sp                    stack        0000
___stackhi               (abs)        0000
___stacklo               (abs)        0000
__end_of__initialization cinit        0031
__end_of_configint       text7        0288
__end_of_isr             text8        0177
__end_of_main            maintext     01FA
__end_of_read_EEPROM     text11       02CB
__end_of_resettmr0       text10       02F9
__end_of_setup           text6        025E
__end_of_setupI2C        text5        02BE
__end_of_start_I2C       text3        02E8
__end_of_stop_I2C        text2        02DF
__end_of_wait_I2C        text4        02F0
__end_of_write_EEPROM    text9        029D
__end_of_write_I2C       text1        02D6
__initialization         cinit        000F
__pbssBANK0              bssBANK0     0020
__pbssCOMMON             bssCOMMON    0070
__pcstackBANK0           cstackBANK0  002F
__pcstackCOMMON          cstackCOMMON 0076
__pdataBANK0             dataBANK0    0028
__pdataCOMMON            dataCOMMON   007C
__pidataBANK0            idataBANK0   02F0
__pidataCOMMON           idataCOMMON  02F9
__pintentry              intentry     0004
__pmaintext              maintext     0177
__ptext1                 text1        02CB
__ptext10                text10       02F7
__ptext11                text11       02BE
__ptext2                 text2        02D6
__ptext3                 text3        02DF
__ptext4                 text4        02E8
__ptext5                 text5        02B0
__ptext6                 text6        01FA
__ptext7                 text7        025E
__ptext8                 text8        0035
__ptext9                 text9        0288
_configint               text7        025E
_data                    bssBANK0     0024
_indice                  bssCOMMON    0075
_isr                     text8        0035
_main                    maintext     0177
_mensaje                 dataBANK0    0028
_mode                    dataCOMMON   007C
_potsel                  bssCOMMON    0073
_potvalue1               bssCOMMON    0072
_potvalue2               bssCOMMON    0071
_potvalue3               bssCOMMON    0070
_potvalue4               bssBANK0     0027
_read_EEPROM             text11       02BE
_resettmr0               text10       02F7
_setup                   text6        01FA
_setupI2C                text5        02B0
_start_I2C               text3        02DF
_stop_I2C                text2        02D6
_valor_old               bssCOMMON    0074
_wait_I2C                text4        02E8
_write_EEPROM            text9        0288
_write_I2C               text1        02CB
btemp                    (abs)        007E
end_of_initialization    cinit        0031
init_fetch0              inittext     029D
init_ram0                inittext     02A1
interrupt_function       intentry     0004
intlevel0                functab      0000
intlevel1                functab      0000
intlevel2                functab      0000
intlevel3                functab      0000
intlevel4                functab      0000
intlevel5                functab      0000
read_EEPROM@address      cstackCOMMON 0076
reset_vec                reset_vec    0000
saved_w                  (abs)        007E
start                    init         000C
start_initialization     cinit        000F
write_EEPROM@address     cstackCOMMON 0077
write_EEPROM@data        cstackCOMMON 0076
write_I2C@data           cstackBANK0  002F
wtemp0                   (abs)        007E


MODULE INFORMATION

Module		Function		Class		Link	Load	Size
stup.c
		_stop_I2C      		CODE           	02D6	0000	9
		_setupI2C      		CODE           	02B0	0000	14
		_write_I2C     		CODE           	02CB	0000	11
		_start_I2C     		CODE           	02DF	0000	9
		_configint     		CODE           	025E	0000	42
		_wait_I2C      		CODE           	02E8	0000	8
		_setup         		CODE           	01FA	0000	100
		_read_EEPROM   		CODE           	02BE	0000	13
		_write_EEPROM  		CODE           	0288	0000	21
		_resettmr0     		CODE           	02F7	0000	2

stup.c estimated size: 229

shared
		__initialization		CODE           	000F	0000	34

shared estimated size: 34

ProyectoOjosMASTER.c
		_main          		CODE           	0177	0000	131
		_isr           		CODE           	0035	0000	322

ProyectoOjosMASTER.c estimated size: 453

