Microchip MPLAB XC8 Compiler V2.36

Linker command line:

-W-3 --edf=C:\Program Files\Microchip\xc8\v2.36\pic\dat\en_msgs.txt -cn \
  -h+dist/default/production\Lab10.X.production.sym \
  --cmf=dist/default/production\Lab10.X.production.cmf -z -Q16F887 \
  -oC:\Users\WMGWW\AppData\Local\Temp\xcAs1gi0.4 --defsym=__MPLAB_BUILD=1 \
  -Mdist/default/production/Lab10.X.production.map \
  --md=C:\Users\WMGWW\AppData\Local\Temp\xcAs1gi0.dat -E1 -ver=XC8 Compiler \
  --acfsm=1493 -ACODE=00h-07FFhx4 -ASTRCODE=00h-01FFFh -ASTRING=00h-0FFhx32 \
  -ACONST=00h-0FFhx32 -AENTRY=00h-0FFhx32 -ACOMMON=070h-07Fh \
  -ABANK0=020h-06Fh -ABANK1=0A0h-0EFh -ABANK2=0110h-016Fh \
  -ABANK3=0190h-01EFh -ARAM=020h-06Fh,0A0h-0EFh,0110h-016Fh,0190h-01EFh \
  -AABS1=020h-07Fh,0A0h-0EFh,0110h-016Fh,0190h-01EFh -ASFR0=00h-01Fh \
  -ASFR1=080h-09Fh -ASFR2=0100h-010Fh -ASFR3=0180h-018Fh \
  -ACONFIG=02007h-02008h -DCONFIG=2 -AIDLOC=02000h-02003h -DIDLOC=2 \
  -AEEDATA=00h-0FFh/02100h -peeprom_data=EEDATA -DEEDATA=2 -DCODE=2 \
  -DSTRCODE=2 -DSTRING=2 -DCONST=2 -DENTRY=2 \
  -preset_vec=00h,intentry=04h,init,end_init -ppowerup=CODE -pcinit=CODE \
  -pfunctab=ENTRY -k C:\Users\WMGWW\AppData\Local\Temp\xcAs1gi0.o \
  dist/default/production\Lab10.X.production.o 

Object code version is 3.11

Machine type is 16F887



                Name                               Link     Load   Length Selector   Space Scale
C:\Users\WMGWW\AppData\Local\Temp\xcAs1gi0.o
                end_init                              C        C        3        8       0
                reset_vec                             0        0        3        0       0
                config                             2007     2007        2        0       4
                idloc                              2000     2000        4        0       5
dist/default/production\Lab10.X.production.o
                cinit                                 F        F       19        8       0
                intentry                              4        4        8        8       0
                config                             2007     2007        2        0       4
                idloc                              2000     2000        4        0       5
                text4                                EC       EC       11      1B6       0
                text3                                88       88       1D        8       0
                text2                                28       28       35        8       0
                text1                                5D       5D       2B        8       0
                maintext                             DB       DB       11      1B6       0
                cstackBANK0                          32       32        2       20       1
                cstackCOMMON                         70       70        8       70       1
                inittext                             A5       A5       13        8       0
                dataBANK0                            20       20       12       20       1
                dataCOMMON                           7A       7A        1       70       1
                bssCOMMON                            79       79        1       70       1
                strings                              CA       CA       11      194       0
                nvCOMMON                             78       78        1       70       1
                idataBANK0                           B8       B8       12        8       0
                idataCOMMON                          FD       FD        1      1B6       0

TOTAL           Name                               Link     Load   Length     Space
        CLASS   CODE           
                end_init                              C        C        3         0
                cinit                                 F        F       19         0
                intentry                              4        4        8         0
                reset_vec                             0        0        3         0
                text4                                EC       EC       11         0
                text3                                88       88       1D         0
                text2                                28       28       35         0
                text1                                5D       5D       2B         0
                maintext                             DB       DB       11         0
                inittext                             A5       A5       13         0
                idataBANK0                           B8       B8       12         0
                idataCOMMON                          FD       FD        1         0

        CLASS   STRCODE        

        CLASS   STRING         
                strings                              CA       CA       11         0

        CLASS   CONST          

        CLASS   ENTRY          

        CLASS   COMMON         
                cstackCOMMON                         70       70        8         1
                dataCOMMON                           7A       7A        1         1
                bssCOMMON                            79       79        1         1
                nvCOMMON                             78       78        1         1

        CLASS   BANK0          
                cstackBANK0                          32       32        2         1
                dataBANK0                            20       20       12         1

        CLASS   BANK1          

        CLASS   BANK2          

        CLASS   BANK3          

        CLASS   RAM            

        CLASS   ABS1           
                abs_s1                               7E       7E        2         1

        CLASS   SFR0           

        CLASS   SFR1           

        CLASS   SFR2           

        CLASS   SFR3           

        CLASS   CONFIG         
                config                             2007     2007        2         4

        CLASS   IDLOC          
                idloc                              2000     2000        4         5

        CLASS   EEDATA         

        CLASS   STACK          



SEGMENTS        Name                           Load    Length   Top    Selector   Space  Class     Delta

                reset_vec                      000000  000003  000003         0       0  CODE        2
                intentry                       000004  0000C6  0000CA         8       0  CODE        2
                dataBANK0                      000020  000014  000034        20       1  BANK0       1
                cstackCOMMON                   000070  00000B  00007B        70       1  COMMON      1
                strings                        0000CA  000011  0000DB       194       0  STRING      2
                maintext                       0000DB  000023  0000FE       1B6       0  CODE        2


UNUSED ADDRESS RANGES

        Name                Unused          Largest block    Delta
        BANK0            0034-006F             3C           1
        BANK1            00A0-00EF             50           1
        BANK2            0110-016F             60           1
        BANK3            0190-01EF             60           1
        CODE             0003-0003              1           2
                         00FE-1FFF            800
        COMMON           007B-007D              3           1
        CONST            0003-0003              1           2
                         00FE-1FFF            100
        EEDATA           2100-21FF            100           2
        ENTRY            0003-0003              1           2
                         00FE-1FFF            100
        RAM              0034-006F             3C           1
                         00A0-00EF             50
                         0110-016F             60
                         0190-01EF             60
        SFR0             0000-001F             20           1
        SFR1             0080-009F             20           1
        SFR2             0100-010F             10           1
        SFR3             0180-018F             10           1
        STRCODE          0003-0003              1           2
                         00FE-1FFF           1F02
        STRING           0003-0003              1           2
                         00FE-1FFF            100

                                  Symbol Table

?_strlen                 cstackCOMMON 0073
_ANSEL                   (abs)        0188
_ANSELH                  (abs)        0189
_BAUDCTLbits             (abs)        0187
_INTCONbits              (abs)        000B
_OSCCONbits              (abs)        008F
_PIE1bits                (abs)        008C
_PIR1bits                (abs)        000C
_PORTD                   (abs)        0008
_RCREG                   (abs)        001A
_RCSTAbits               (abs)        0018
_SPBRG                   (abs)        0099
_SPBRGH                  (abs)        009A
_TRISD                   (abs)        0088
_TXREG                   (abs)        0019
_TXSTAbits               (abs)        0098
__Habs1                  abs1         0000
__Hbank0                 bank0        0000
__Hbank1                 bank1        0000
__Hbank2                 bank2        0000
__Hbank3                 bank3        0000
__HbssCOMMON             bssCOMMON    0000
__Hcinit                 cinit        0028
__Hclrtext               clrtext      0000
__Hcode                  code         0000
__Hcommon                common       0000
__Hconfig                config       2009
__HcstackBANK0           cstackBANK0  0000
__HcstackCOMMON          cstackCOMMON 0000
__HdataBANK0             dataBANK0    0000
__HdataCOMMON            dataCOMMON   0000
__Heeprom_data           eeprom_data  0000
__Hend_init              end_init     000F
__Hfunctab               functab      0000
__HidataBANK0            idataBANK0   0000
__HidataCOMMON           idataCOMMON  0000
__Hidloc                 idloc        2004
__Hinit                  init         000C
__Hinittext              inittext     0000
__Hintentry              intentry     000C
__Hmaintext              maintext     0000
__HnvCOMMON              nvCOMMON     0000
__Hpowerup               powerup      0000
__Hram                   ram          0000
__Hreset_vec             reset_vec    0003
__Hsfr0                  sfr0         0000
__Hsfr1                  sfr1         0000
__Hsfr2                  sfr2         0000
__Hsfr3                  sfr3         0000
__Hspace_0               (abs)        00FE
__Hspace_1               (abs)        007B
__Hspace_2               (abs)        0000
__Hspace_3               (abs)        0000
__Hspace_4               (abs)        4010
__Hstack                 stack        0000
__Hstrings               strings      0000
__Htext                  text         0000
__Labs1                  abs1         0000
__Lbank0                 bank0        0000
__Lbank1                 bank1        0000
__Lbank2                 bank2        0000
__Lbank3                 bank3        0000
__LbssCOMMON             bssCOMMON    0000
__Lcinit                 cinit        000F
__Lclrtext               clrtext      0000
__Lcode                  code         0000
__Lcommon                common       0000
__Lconfig                config       0000
__LcstackBANK0           cstackBANK0  0000
__LcstackCOMMON          cstackCOMMON 0000
__LdataBANK0             dataBANK0    0000
__LdataCOMMON            dataCOMMON   0000
__Leeprom_data           eeprom_data  0000
__Lend_init              end_init     000C
__Lfunctab               functab      0000
__LidataBANK0            idataBANK0   0000
__LidataCOMMON           idataCOMMON  0000
__Lidloc                 idloc        0000
__Linit                  init         000C
__Linittext              inittext     0000
__Lintentry              intentry     0004
__Lmaintext              maintext     0000
__LnvCOMMON              nvCOMMON     0000
__Lpowerup               powerup      0000
__Lram                   ram          0000
__Lreset_vec             reset_vec    0000
__Lsfr0                  sfr0         0000
__Lsfr1                  sfr1         0000
__Lsfr2                  sfr2         0000
__Lsfr3                  sfr3         0000
__Lspace_0               (abs)        0000
__Lspace_1               (abs)        0000
__Lspace_2               (abs)        0000
__Lspace_3               (abs)        0000
__Lspace_4               (abs)        0000
__Lstack                 stack        0000
__Lstrings               strings      0000
__Ltext                  text         0000
__S0                     (abs)        00FE
__S1                     (abs)        007B
__S3                     (abs)        0000
___int_sp                stack        0000
___latbits               (abs)        0002
___sp                    stack        0000
___stackhi               (abs)        0000
___stacklo               (abs)        0000
__end_of__initialization cinit        0024
__end_of__stringtab      strings      00D0
__end_of_isr             text4        00FD
__end_of_main            maintext     00EC
__end_of_send            text2        005D
__end_of_setup           text1        0088
__end_of_strlen          text3        00A5
__initialization         cinit        000F
__pbssCOMMON             bssCOMMON    0079
__pcstackBANK0           cstackBANK0  0032
__pcstackCOMMON          cstackCOMMON 0070
__pdataBANK0             dataBANK0    0020
__pdataCOMMON            dataCOMMON   007A
__pidataBANK0            idataBANK0   00B8
__pidataCOMMON           idataCOMMON  00FD
__pintentry              intentry     0004
__pmaintext              maintext     00DB
__pnvCOMMON              nvCOMMON     0078
__pstrings               strings      00CA
__ptext1                 text1        005D
__ptext2                 text2        0028
__ptext3                 text3        0088
__ptext4                 text4        00EC
__stringbase             strings      00CF
__stringtab              strings      00CA
_index                   nvCOMMON     0078
_index1                  dataCOMMON   007A
_isr                     text4        00EC
_main                    maintext     00DB
_msg                     dataBANK0    0029
_oldvalue                bssCOMMON    0079
_send                    text2        0028
_setup                   text1        005D
_strlen                  text3        0088
btemp                    (abs)        007E
end_of_initialization    cinit        0024
init_fetch0              inittext     00A5
init_ram0                inittext     00A9
interrupt_function       intentry     0004
intlevel0                functab      0000
intlevel1                functab      0000
intlevel2                functab      0000
intlevel3                functab      0000
intlevel4                functab      0000
intlevel5                functab      0000
reset_vec                reset_vec    0000
saved_w                  (abs)        007E
send@x                   cstackBANK0  0033
start                    init         000C
start_initialization     cinit        000F
strlen@cp                cstackCOMMON 0077
strlen@s                 cstackCOMMON 0076
wtemp0                   (abs)        007E


MODULE INFORMATION

Module		Function		Class		Link	Load	Size
Lab10.c
		_main          		CODE           	00DB	0000	17
		_isr           		CODE           	00EC	0000	17
		_send          		CODE           	0028	0000	53

Lab10.c estimated size: 87

shared
		__stringtab    		STRING         	00CA	0000	6
		__initialization		CODE           	000F	0000	21

shared estimated size: 27

setup.c
		_setup         		CODE           	005D	0000	43

setup.c estimated size: 43

C:\Program Files\Microchip\xc8\v2.36\pic\sources\c90\common\strlen.c
		_strlen        		CODE           	0088	0000	29

C:\Program Files\Microchip\xc8\v2.36\pic\sources\c90\common\strlen.c estimated size: 29

